main.c:77:6:gyro_who_am_i	32	static
main.c:94:6:Gyro_Writebyte	32	static
main.c:99:9:Gyro_Readbyte	32	static
main.c:108:6:init_MPU9250	16	static
main.c:120:6:MPU_read_acc_gyro	320	static
main.c:144:6:MPU_read_mag	184	static
main.c:172:5:main	104	static
main.c:233:6:SystemClock_Config	88	static
main.c:277:13:MX_I2C1_Init	8	static
main.c:311:13:MX_TIM6_Init	16	static
main.c:349:13:MX_USART1_UART_Init	8	static
main.c:382:13:MX_GPIO_Init	16	static
main.c:392:6:HAL_TIM_PeriodElapsedCallback	16	static
main.c:401:6:HAL_UART_RxCpltCallback	16	static
main.c:414:6:Error_Handler	4	static,ignoring_inline_asm
